// Jest Snapshot v1, https://goo.gl/fbAQLP

exports[`/blog (Blog index Page) should have links to many blog posts 1`] = `
Array [
  Object {
    "postDate": "2020-05-10",
    "postTitle": "Switching to Gatsby",
    "postUrl": "http://localhost:8000/blog/2020/05/switching-to-gatsby",
  },
  Object {
    "postDate": "2020-01-18",
    "postTitle": "Experimenting with Protobufs generated types in Rust",
    "postUrl": "http://localhost:8000/blog/2020/01/experimenting-with-protobufs-generated-types-in-rust",
  },
  Object {
    "postDate": "2019-09-08",
    "postTitle": "Migrated to Hugo Static Site generator",
    "postUrl": "http://localhost:8000/blog/2019/09/migrated-to-hugo",
  },
  Object {
    "postDate": "2016-08-26",
    "postTitle": "Relative line numbers and you",
    "postUrl": "http://localhost:8000/blog/2016/08/relative-line-numbers-and-you",
  },
  Object {
    "postDate": "2016-01-18",
    "postTitle": "Vim splitting shortcuts",
    "postUrl": "http://localhost:8000/blog/2016/01/vim-splitting-shortcuts",
  },
  Object {
    "postDate": "2015-03-18",
    "postTitle": "Bashing long Python commands down to size",
    "postUrl": "http://localhost:8000/blog/2015/03/long-python-commands-down-to-size",
  },
  Object {
    "postDate": "2014-10-03",
    "postTitle": "What's the deal with the name hockeybuggy?",
    "postUrl": "http://localhost:8000/blog/2014/10/whats-the-deal-with-the-name-hockeybuggy",
  },
  Object {
    "postDate": "2014-09-22",
    "postTitle": "State of the Dotfiles",
    "postUrl": "http://localhost:8000/blog/2014/09/state-of-the-dotfiles",
  },
  Object {
    "postDate": "2014-06-23",
    "postTitle": "Adding Semantics",
    "postUrl": "http://localhost:8000/blog/2014/06/adding-semantics",
  },
  Object {
    "postDate": "2013-09-11",
    "postTitle": "Migrated to Jekyll",
    "postUrl": "http://localhost:8000/blog/2013/09/migrated-to-jekyll",
  },
  Object {
    "postDate": "2013-03-25",
    "postTitle": "Moving beyond word-wise motions",
    "postUrl": "http://localhost:8000/blog/2013/03/moving-beymond-word-wise-motions",
  },
  Object {
    "postDate": "2013-01-31",
    "postTitle": "A new a stylish look around the site. Thanks to sass",
    "postUrl": "http://localhost:8000/blog/2013/01/adding-sass-files",
  },
  Object {
    "postDate": "2012-12-02",
    "postTitle": "Taking this Pelican site live",
    "postUrl": "http://localhost:8000/blog/2012/12/taking-this-pelican-site-live",
  },
]
`;
